Archive member included because of file (symbol)

/usr/local/Cellar/gcc-arm-none-eabi/20150925/bin/../lib/gcc/arm-none-eabi/4.9.3/../../../../arm-none-eabi/lib/armv6-m/libg_nano.a(lib_a-memcpy.o)
                              build/meowmeow/selfmain.o (memcpy)

Allocating common symbols
Common symbol       size              file

b_sharp_received    0x1               build/meowmeow/usart_sam_ba.o
timerHigh           0x4               build/meowmeow/utils.o
idx_rx_write        0x1               build/meowmeow/usart_sam_ba.o
size_of_data        0x2               build/meowmeow/usart_sam_ba.o
resetHorizon        0x4               build/meowmeow/utils.o
idx_tx_read         0x1               build/meowmeow/usart_sam_ba.o
buffer_tx_usart     0x80              build/meowmeow/usart_sam_ba.o
error_timeout       0x1               build/meowmeow/usart_sam_ba.o
mode_of_transfer    0x1               build/meowmeow/usart_sam_ba.o
idx_rx_read         0x1               build/meowmeow/usart_sam_ba.o
pageBuf             0x100             build/meowmeow/selfmain.o
idx_tx_write        0x1               build/meowmeow/usart_sam_ba.o
buffer_rx_usart     0x80              build/meowmeow/usart_sam_ba.o

Discarded input sections

 .text          0x0000000000000000        0x0 build/meowmeow/flash_samd21.o
 .data          0x0000000000000000        0x0 build/meowmeow/flash_samd21.o
 .bss           0x0000000000000000        0x0 build/meowmeow/flash_samd21.o
 .text.flash_erase_to_end
                0x0000000000000000       0x1c build/meowmeow/flash_samd21.o
 .text.copy_words
                0x0000000000000000       0x14 build/meowmeow/flash_samd21.o
 .text.flash_write
                0x0000000000000000       0x88 build/meowmeow/flash_samd21.o
 .text          0x0000000000000000        0x0 build/meowmeow/init_samd21.o
 .data          0x0000000000000000        0x0 build/meowmeow/init_samd21.o
 .bss           0x0000000000000000        0x0 build/meowmeow/init_samd21.o
 .data.g_interrupt_enabled
                0x0000000000000000        0x1 build/meowmeow/init_samd21.o
 .text          0x0000000000000000        0x0 build/meowmeow/startup_samd21.o
 .data          0x0000000000000000        0x0 build/meowmeow/startup_samd21.o
 .bss           0x0000000000000000        0x0 build/meowmeow/startup_samd21.o
 .text          0x0000000000000000        0x0 build/meowmeow/usart_sam_ba.o
 .data          0x0000000000000000        0x0 build/meowmeow/usart_sam_ba.o
 .bss           0x0000000000000000        0x0 build/meowmeow/usart_sam_ba.o
 .text.usart_open
                0x0000000000000000       0xbc build/meowmeow/usart_sam_ba.o
 .text.usart_close
                0x0000000000000000       0x10 build/meowmeow/usart_sam_ba.o
 .text.usart_putc
                0x0000000000000000       0x14 build/meowmeow/usart_sam_ba.o
 .text.usart_is_rx_ready
                0x0000000000000000       0x10 build/meowmeow/usart_sam_ba.o
 .text.usart_getc
                0x0000000000000000       0x18 build/meowmeow/usart_sam_ba.o
 .text.usart_sharp_received
                0x0000000000000000       0x1c build/meowmeow/usart_sam_ba.o
 .text.usart_readc
                0x0000000000000000       0x20 build/meowmeow/usart_sam_ba.o
 .text.usart_putdata
                0x0000000000000000       0x1a build/meowmeow/usart_sam_ba.o
 .text.usart_getdata
                0x0000000000000000        0xe build/meowmeow/usart_sam_ba.o
 .text.getbytes
                0x0000000000000000       0x68 build/meowmeow/usart_sam_ba.o
 .text.getPacket
                0x0000000000000000       0x70 build/meowmeow/usart_sam_ba.o
 .text.usart_putdata_xmd
                0x0000000000000000      0x114 build/meowmeow/usart_sam_ba.o
 .text.usart_getdata_xmd
                0x0000000000000000       0xa0 build/meowmeow/usart_sam_ba.o
 COMMON         0x0000000000000000      0x109 build/meowmeow/usart_sam_ba.o
 .text          0x0000000000000000        0x0 build/meowmeow/utils.o
 .data          0x0000000000000000        0x0 build/meowmeow/utils.o
 .bss           0x0000000000000000        0x0 build/meowmeow/utils.o
 .text.writeNum
                0x0000000000000000       0x3e build/meowmeow/utils.o
 .text.timerTick
                0x0000000000000000       0x40 build/meowmeow/utils.o
 .text.led_signal
                0x0000000000000000       0x2c build/meowmeow/utils.o
 .text.RGBLED_set_color
                0x0000000000000000        0x2 build/meowmeow/utils.o
 .bss.timerLow  0x0000000000000000        0x4 build/meowmeow/utils.o
 COMMON         0x0000000000000000        0x8 build/meowmeow/utils.o
 .text          0x0000000000000000        0x0 build/meowmeow/selfmain.o
 .data          0x0000000000000000        0x0 build/meowmeow/selfmain.o
 .bss           0x0000000000000000        0x0 build/meowmeow/selfmain.o
 .text          0x0000000000000000        0x0 build/meowmeow/selfdata.o
 .data          0x0000000000000000        0x0 build/meowmeow/selfdata.o
 .bss           0x0000000000000000        0x0 build/meowmeow/selfdata.o
 .text          0x0000000000000000        0x0 /usr/local/Cellar/gcc-arm-none-eabi/20150925/bin/../lib/gcc/arm-none-eabi/4.9.3/../../../../arm-none-eabi/lib/armv6-m/libg_nano.a(lib_a-memcpy.o)
 .data          0x0000000000000000        0x0 /usr/local/Cellar/gcc-arm-none-eabi/20150925/bin/../lib/gcc/arm-none-eabi/4.9.3/../../../../arm-none-eabi/lib/armv6-m/libg_nano.a(lib_a-memcpy.o)
 .bss           0x0000000000000000        0x0 /usr/local/Cellar/gcc-arm-none-eabi/20150925/bin/../lib/gcc/arm-none-eabi/4.9.3/../../../../arm-none-eabi/lib/armv6-m/libg_nano.a(lib_a-memcpy.o)

Memory Configuration

Name             Origin             Length             Attributes
rom              0x0000000000002000 0x0000000000020000 xr
ram              0x0000000020000000 0x0000000000008000 xrw
*default*        0x0000000000000000 0xffffffffffffffff

Linker script and memory map

LOAD build/meowmeow/flash_samd21.o
LOAD build/meowmeow/init_samd21.o
LOAD build/meowmeow/startup_samd21.o
LOAD build/meowmeow/usart_sam_ba.o
LOAD build/meowmeow/utils.o
LOAD build/meowmeow/selfmain.o
LOAD build/meowmeow/selfdata.o
START GROUP
LOAD /usr/local/Cellar/gcc-arm-none-eabi/20150925/bin/../lib/gcc/arm-none-eabi/4.9.3/armv6-m/libgcc.a
LOAD /usr/local/Cellar/gcc-arm-none-eabi/20150925/bin/../lib/gcc/arm-none-eabi/4.9.3/../../../../arm-none-eabi/lib/armv6-m/libg_nano.a
LOAD /usr/local/Cellar/gcc-arm-none-eabi/20150925/bin/../lib/gcc/arm-none-eabi/4.9.3/../../../../arm-none-eabi/lib/armv6-m/libc_nano.a
END GROUP
START GROUP
LOAD /usr/local/Cellar/gcc-arm-none-eabi/20150925/bin/../lib/gcc/arm-none-eabi/4.9.3/armv6-m/libgcc.a
LOAD /usr/local/Cellar/gcc-arm-none-eabi/20150925/bin/../lib/gcc/arm-none-eabi/4.9.3/../../../../arm-none-eabi/lib/armv6-m/libc_nano.a
LOAD /usr/local/Cellar/gcc-arm-none-eabi/20150925/bin/../lib/gcc/arm-none-eabi/4.9.3/../../../../arm-none-eabi/lib/armv6-m/libnosys.a
END GROUP
START GROUP
LOAD /usr/local/Cellar/gcc-arm-none-eabi/20150925/bin/../lib/gcc/arm-none-eabi/4.9.3/armv6-m/libgcc.a
LOAD /usr/local/Cellar/gcc-arm-none-eabi/20150925/bin/../lib/gcc/arm-none-eabi/4.9.3/../../../../arm-none-eabi/lib/armv6-m/libc_nano.a
LOAD /usr/local/Cellar/gcc-arm-none-eabi/20150925/bin/../lib/gcc/arm-none-eabi/4.9.3/../../../../arm-none-eabi/lib/armv6-m/libnosys.a
END GROUP
                0x0000000000002000                STACK_SIZE = DEFINED (STACK_SIZE)?STACK_SIZE:DEFINED (__stack_size__)?__stack_size__:0x2000

.text           0x0000000000002000     0x25d8
                0x0000000000002000                . = ALIGN (0x4)
                0x0000000000002000                _sfixed = .
 *(.vectors .vectors.*)
 .vectors       0x0000000000002000       0xb4 build/meowmeow/startup_samd21.o
                0x0000000000002000                exception_table
 *(.text .text.* .gnu.linkonce.t.*)
 .text.flash_erase_row
                0x00000000000020b4       0x28 build/meowmeow/flash_samd21.o
                0x00000000000020b4                flash_erase_row
 .text.flash_write_words
                0x00000000000020dc       0x50 build/meowmeow/flash_samd21.o
                0x00000000000020dc                flash_write_words
 .text.flash_write_row
                0x000000000000212c       0x2c build/meowmeow/flash_samd21.o
                0x000000000000212c                flash_write_row
 .text.gclk_sync
                0x0000000000002158       0x10 build/meowmeow/init_samd21.o
 .text.dfll_sync
                0x0000000000002168       0x10 build/meowmeow/init_samd21.o
 .text.system_init
                0x0000000000002178       0xcc build/meowmeow/init_samd21.o
                0x0000000000002178                system_init
 .text.SysTick_Handler
                0x0000000000002244        0x8 build/meowmeow/init_samd21.o
                0x0000000000002244                SysTick_Handler
 .text.Dummy_Handler
                0x000000000000224c        0x2 build/meowmeow/startup_samd21.o
                0x000000000000224c                SYSCTRL_Handler
                0x000000000000224c                AC_Handler
                0x000000000000224c                PendSV_Handler
                0x000000000000224c                NMI_Handler
                0x000000000000224c                SERCOM1_Handler
                0x000000000000224c                ADC_Handler
                0x000000000000224c                TCC1_Handler
                0x000000000000224c                SERCOM2_Handler
                0x000000000000224c                TCC0_Handler
                0x000000000000224c                RTC_Handler
                0x000000000000224c                EIC_Handler
                0x000000000000224c                WDT_Handler
                0x000000000000224c                TC4_Handler
                0x000000000000224c                USB_Handler
                0x000000000000224c                TC3_Handler
                0x000000000000224c                Dummy_Handler
                0x000000000000224c                PM_Handler
                0x000000000000224c                SERCOM5_Handler
                0x000000000000224c                SVC_Handler
                0x000000000000224c                TCC2_Handler
                0x000000000000224c                EVSYS_Handler
                0x000000000000224c                SERCOM3_Handler
                0x000000000000224c                SERCOM4_Handler
                0x000000000000224c                I2S_Handler
                0x000000000000224c                NVMCTRL_Handler
                0x000000000000224c                SERCOM0_Handler
                0x000000000000224c                DAC_Handler
                0x000000000000224c                PTC_Handler
                0x000000000000224c                TC5_Handler
                0x000000000000224c                DMAC_Handler
 .text.HardFault_Handler
                0x000000000000224e        0x2 build/meowmeow/startup_samd21.o
                0x000000000000224e                HardFault_Handler
 .text.Reset_Handler
                0x0000000000002250       0xb0 build/meowmeow/startup_samd21.o
                0x0000000000002250                Reset_Handler
 .text.add_crc  0x0000000000002300       0x50 build/meowmeow/usart_sam_ba.o
                0x0000000000002300                add_crc
 .text.delay    0x0000000000002350       0x10 build/meowmeow/utils.o
                0x0000000000002350                delay
 .text.panic    0x0000000000002360        0x2 build/meowmeow/utils.o
                0x0000000000002360                panic
 *fill*         0x0000000000002362        0x2 
 .text.resetIntoApp
                0x0000000000002364       0x28 build/meowmeow/utils.o
                0x0000000000002364                resetIntoApp
 .text.resetIntoBootloader
                0x000000000000238c       0x28 build/meowmeow/utils.o
                0x000000000000238c                resetIntoBootloader
 .text.led_tick
                0x00000000000023b4       0x84 build/meowmeow/utils.o
                0x00000000000023b4                led_tick
 .text.led_init
                0x0000000000002438       0x18 build/meowmeow/utils.o
                0x0000000000002438                led_init
 .text.setBootProt
                0x0000000000002450       0x98 build/meowmeow/selfmain.o
                0x0000000000002450                setBootProt
 .text.startup.main
                0x00000000000024e8       0xcc build/meowmeow/selfmain.o
                0x00000000000024e8                main
 .text.memcpy   0x00000000000025b4       0x12 /usr/local/Cellar/gcc-arm-none-eabi/20150925/bin/../lib/gcc/arm-none-eabi/4.9.3/../../../../arm-none-eabi/lib/armv6-m/libg_nano.a(lib_a-memcpy.o)
                0x00000000000025b4                memcpy
 *(.glue_7t)
 .glue_7t       0x0000000000000000        0x0 linker stubs
 *(.glue_7)
 .glue_7        0x0000000000000000        0x0 linker stubs
 *(.rodata .rodata* .gnu.linkonce.r.*)
 .rodata.bootloader_crcs
                0x00000000000025c6       0x10 build/meowmeow/selfdata.o
                0x00000000000025c6                bootloader_crcs
 *fill*         0x00000000000025d6        0x2 
 .rodata.bootloader
                0x00000000000025d8     0x2000 build/meowmeow/selfdata.o
                0x00000000000025d8                bootloader
 *(.ARM.extab* .gnu.linkonce.armextab.*)
                0x00000000000045d8                . = ALIGN (0x4)
 *(.init)
                0x00000000000045d8                . = ALIGN (0x4)
                0x00000000000045d8                __preinit_array_start = .
 *(.preinit_array)
                0x00000000000045d8                __preinit_array_end = .
                0x00000000000045d8                . = ALIGN (0x4)
                0x00000000000045d8                __init_array_start = .
 *(SORT(.init_array.*))
 *(.init_array)
                0x00000000000045d8                __init_array_end = .
                0x00000000000045d8                . = ALIGN (0x4)
 *crtbegin.o(.ctors)
 *(EXCLUDE_FILE(*crtend.o) .ctors)
 *(SORT(.ctors.*))
 *crtend.o(.ctors)
                0x00000000000045d8                . = ALIGN (0x4)
                0x00000000000045d8                _efixed = .
                0x00000000000045d8                PROVIDE (__exidx_start, .)

.vfp11_veneer   0x00000000000045d8        0x0
 .vfp11_veneer  0x0000000000000000        0x0 linker stubs

.v4_bx          0x00000000000045d8        0x0
 .v4_bx         0x0000000000000000        0x0 linker stubs

.iplt           0x00000000000045d8        0x0
 .iplt          0x0000000000000000        0x0 build/meowmeow/flash_samd21.o

.igot.plt       0x00000000000045d8        0x0
 .igot.plt      0x0000000000000000        0x0 build/meowmeow/flash_samd21.o

.rel.dyn        0x00000000000045d8        0x0
 .rel.iplt      0x0000000000000000        0x0 build/meowmeow/flash_samd21.o

.ARM.exidx
 *(.ARM.exidx* .gnu.linkonce.armexidx.*)
                0x00000000000045d8                PROVIDE (__exidx_end, .)
                0x00000000000045d8                . = ALIGN (0x4)
                0x00000000000045d8                _etext = .

.relocate       0x0000000020000000        0x4 load address 0x00000000000045d8
                0x0000000020000000                . = ALIGN (0x4)
                0x0000000020000000                _srelocate = .
 *(.ramfunc .ramfunc.*)
 *(.data .data.*)
 .data.led_tick_step
                0x0000000020000000        0x1 build/meowmeow/utils.o
                0x0000000020000000                led_tick_step
 .data.limit    0x0000000020000001        0x1 build/meowmeow/utils.o
                0x0000000020000004                . = ALIGN (0x4)
 *fill*         0x0000000020000002        0x2 
                0x0000000020000004                _erelocate = .

.bss            0x0000000020000004      0x308 load address 0x00000000000045dc
                0x0000000020000004                . = ALIGN (0x4)
                0x0000000020000004                _sbss = .
                0x0000000020000004                _szero = .
 *(.bss .bss.*)
 .bss.crcCache  0x0000000020000004      0x200 build/meowmeow/usart_sam_ba.o
 .bss.now       0x0000000020000204        0x4 build/meowmeow/utils.o
 .bss.signal_end
                0x0000000020000208        0x4 build/meowmeow/utils.o
 *(COMMON)
 COMMON         0x000000002000020c      0x100 build/meowmeow/selfmain.o
                0x000000002000020c                pageBuf
                0x000000002000030c                . = ALIGN (0x4)
                0x000000002000030c                _ebss = .
                0x000000002000030c                _ezero = .

.stack          0x000000002000030c     0x2004 load address 0x00000000000048e4
                0x0000000020000310                . = ALIGN (0x8)
 *fill*         0x000000002000030c        0x4 
                0x0000000020000310                _sstack = .
                0x0000000020002310                . = (. + STACK_SIZE)
 *fill*         0x0000000020000310     0x2000 
                0x0000000020002310                . = ALIGN (0x8)
                0x0000000020002310                _estack = .
                0x0000000020002310                . = ALIGN (0x4)
                0x0000000020002310                _end = .
OUTPUT(build/meowmeow/update-bootloader-meowmeow-v2.0.0-14-g05ecdd6-dirty.elf elf32-littlearm)

.debug_info     0x0000000000000000     0xa71d
 .debug_info    0x0000000000000000      0x75e build/meowmeow/flash_samd21.o
 .debug_info    0x000000000000075e     0x1b06 build/meowmeow/init_samd21.o
 .debug_info    0x0000000000002264     0x3632 build/meowmeow/startup_samd21.o
 .debug_info    0x0000000000005896     0x3543 build/meowmeow/usart_sam_ba.o
 .debug_info    0x0000000000008dd9      0x9d3 build/meowmeow/utils.o
 .debug_info    0x00000000000097ac      0xe8c build/meowmeow/selfmain.o
 .debug_info    0x000000000000a638       0xe5 build/meowmeow/selfdata.o

.debug_abbrev   0x0000000000000000      0xfb8
 .debug_abbrev  0x0000000000000000      0x1b9 build/meowmeow/flash_samd21.o
 .debug_abbrev  0x00000000000001b9      0x24c build/meowmeow/init_samd21.o
 .debug_abbrev  0x0000000000000405      0x25d build/meowmeow/startup_samd21.o
 .debug_abbrev  0x0000000000000662      0x3d2 build/meowmeow/usart_sam_ba.o
 .debug_abbrev  0x0000000000000a34      0x270 build/meowmeow/utils.o
 .debug_abbrev  0x0000000000000ca4      0x29d build/meowmeow/selfmain.o
 .debug_abbrev  0x0000000000000f41       0x77 build/meowmeow/selfdata.o

.debug_loc      0x0000000000000000      0xdcf
 .debug_loc     0x0000000000000000      0x383 build/meowmeow/flash_samd21.o
 .debug_loc     0x0000000000000383       0x39 build/meowmeow/init_samd21.o
 .debug_loc     0x00000000000003bc       0x2b build/meowmeow/startup_samd21.o
 .debug_loc     0x00000000000003e7      0x70f build/meowmeow/usart_sam_ba.o
 .debug_loc     0x0000000000000af6      0x10b build/meowmeow/utils.o
 .debug_loc     0x0000000000000c01      0x1ce build/meowmeow/selfmain.o

.debug_aranges  0x0000000000000000      0x1e0
 .debug_aranges
                0x0000000000000000       0x48 build/meowmeow/flash_samd21.o
 .debug_aranges
                0x0000000000000048       0x38 build/meowmeow/init_samd21.o
 .debug_aranges
                0x0000000000000080       0x30 build/meowmeow/startup_samd21.o
 .debug_aranges
                0x00000000000000b0       0x88 build/meowmeow/usart_sam_ba.o
 .debug_aranges
                0x0000000000000138       0x68 build/meowmeow/utils.o
 .debug_aranges
                0x00000000000001a0       0x28 build/meowmeow/selfmain.o
 .debug_aranges
                0x00000000000001c8       0x18 build/meowmeow/selfdata.o

.debug_ranges   0x0000000000000000      0x1a0
 .debug_ranges  0x0000000000000000       0x38 build/meowmeow/flash_samd21.o
 .debug_ranges  0x0000000000000038       0x48 build/meowmeow/init_samd21.o
 .debug_ranges  0x0000000000000080       0x20 build/meowmeow/startup_samd21.o
 .debug_ranges  0x00000000000000a0       0x78 build/meowmeow/usart_sam_ba.o
 .debug_ranges  0x0000000000000118       0x70 build/meowmeow/utils.o
 .debug_ranges  0x0000000000000188       0x18 build/meowmeow/selfmain.o

.debug_line     0x0000000000000000      0xfd6
 .debug_line    0x0000000000000000      0x20b build/meowmeow/flash_samd21.o
 .debug_line    0x000000000000020b      0x233 build/meowmeow/init_samd21.o
 .debug_line    0x000000000000043e      0x1ec build/meowmeow/startup_samd21.o
 .debug_line    0x000000000000062a      0x3a9 build/meowmeow/usart_sam_ba.o
 .debug_line    0x00000000000009d3      0x2a5 build/meowmeow/utils.o
 .debug_line    0x0000000000000c78      0x271 build/meowmeow/selfmain.o
 .debug_line    0x0000000000000ee9       0xed build/meowmeow/selfdata.o

.debug_str      0x0000000000000000     0x26e7
 .debug_str     0x0000000000000000      0x36a build/meowmeow/flash_samd21.o
                                        0x3f4 (size before relaxing)
 .debug_str     0x000000000000036a      0x6f4 build/meowmeow/init_samd21.o
                                        0xa84 (size before relaxing)
 .debug_str     0x0000000000000a5e      0xecd build/meowmeow/startup_samd21.o
                                       0x134f (size before relaxing)
 .debug_str     0x000000000000192b      0xc55 build/meowmeow/usart_sam_ba.o
                                        0xfbf (size before relaxing)
 .debug_str     0x0000000000002580       0xdf build/meowmeow/utils.o
                                        0x476 (size before relaxing)
 .debug_str     0x000000000000265f       0x6e build/meowmeow/selfmain.o
                                        0x5d0 (size before relaxing)
 .debug_str     0x00000000000026cd       0x1a build/meowmeow/selfdata.o
                                        0x1ea (size before relaxing)

.comment        0x0000000000000000       0x70
 .comment       0x0000000000000000       0x70 build/meowmeow/flash_samd21.o
                                         0x71 (size before relaxing)
 .comment       0x0000000000000000       0x71 build/meowmeow/init_samd21.o
 .comment       0x0000000000000000       0x71 build/meowmeow/startup_samd21.o
 .comment       0x0000000000000000       0x71 build/meowmeow/usart_sam_ba.o
 .comment       0x0000000000000000       0x71 build/meowmeow/utils.o
 .comment       0x0000000000000000       0x71 build/meowmeow/selfmain.o
 .comment       0x0000000000000000       0x71 build/meowmeow/selfdata.o

.ARM.attributes
                0x0000000000000000       0x32
 .ARM.attributes
                0x0000000000000000       0x32 build/meowmeow/flash_samd21.o
 .ARM.attributes
                0x0000000000000032       0x32 build/meowmeow/init_samd21.o
 .ARM.attributes
                0x0000000000000064       0x32 build/meowmeow/startup_samd21.o
 .ARM.attributes
                0x0000000000000096       0x32 build/meowmeow/usart_sam_ba.o
 .ARM.attributes
                0x00000000000000c8       0x32 build/meowmeow/utils.o
 .ARM.attributes
                0x00000000000000fa       0x32 build/meowmeow/selfmain.o
 .ARM.attributes
                0x000000000000012c       0x32 build/meowmeow/selfdata.o
 .ARM.attributes
                0x000000000000015e       0x2c /usr/local/Cellar/gcc-arm-none-eabi/20150925/bin/../lib/gcc/arm-none-eabi/4.9.3/../../../../arm-none-eabi/lib/armv6-m/libg_nano.a(lib_a-memcpy.o)

.debug_frame    0x0000000000000000      0x430
 .debug_frame   0x0000000000000000       0xac build/meowmeow/flash_samd21.o
 .debug_frame   0x00000000000000ac       0x68 build/meowmeow/init_samd21.o
 .debug_frame   0x0000000000000114       0x4c build/meowmeow/startup_samd21.o
 .debug_frame   0x0000000000000160      0x184 build/meowmeow/usart_sam_ba.o
 .debug_frame   0x00000000000002e4       0xd0 build/meowmeow/utils.o
 .debug_frame   0x00000000000003b4       0x54 build/meowmeow/selfmain.o
 .debug_frame   0x0000000000000408       0x28 /usr/local/Cellar/gcc-arm-none-eabi/20150925/bin/../lib/gcc/arm-none-eabi/4.9.3/../../../../arm-none-eabi/lib/armv6-m/libg_nano.a(lib_a-memcpy.o)

Cross Reference Table

Symbol                                            File
AC_Handler                                        build/meowmeow/startup_samd21.o
ADC_Handler                                       build/meowmeow/startup_samd21.o
DAC_Handler                                       build/meowmeow/startup_samd21.o
DMAC_Handler                                      build/meowmeow/startup_samd21.o
Dummy_Handler                                     build/meowmeow/startup_samd21.o
EIC_Handler                                       build/meowmeow/startup_samd21.o
EVSYS_Handler                                     build/meowmeow/startup_samd21.o
HardFault_Handler                                 build/meowmeow/startup_samd21.o
I2S_Handler                                       build/meowmeow/startup_samd21.o
NMI_Handler                                       build/meowmeow/startup_samd21.o
NVMCTRL_Handler                                   build/meowmeow/startup_samd21.o
PM_Handler                                        build/meowmeow/startup_samd21.o
PTC_Handler                                       build/meowmeow/startup_samd21.o
PendSV_Handler                                    build/meowmeow/startup_samd21.o
RGBLED_set_color                                  build/meowmeow/utils.o
RTC_Handler                                       build/meowmeow/startup_samd21.o
Reset_Handler                                     build/meowmeow/startup_samd21.o
SERCOM0_Handler                                   build/meowmeow/startup_samd21.o
SERCOM1_Handler                                   build/meowmeow/startup_samd21.o
SERCOM2_Handler                                   build/meowmeow/startup_samd21.o
SERCOM3_Handler                                   build/meowmeow/startup_samd21.o
SERCOM4_Handler                                   build/meowmeow/startup_samd21.o
SERCOM5_Handler                                   build/meowmeow/startup_samd21.o
SVC_Handler                                       build/meowmeow/startup_samd21.o
SYSCTRL_Handler                                   build/meowmeow/startup_samd21.o
SysTick_Handler                                   build/meowmeow/init_samd21.o
TC3_Handler                                       build/meowmeow/startup_samd21.o
TC4_Handler                                       build/meowmeow/startup_samd21.o
TC5_Handler                                       build/meowmeow/startup_samd21.o
TCC0_Handler                                      build/meowmeow/startup_samd21.o
TCC1_Handler                                      build/meowmeow/startup_samd21.o
TCC2_Handler                                      build/meowmeow/startup_samd21.o
USB_Handler                                       build/meowmeow/startup_samd21.o
WDT_Handler                                       build/meowmeow/startup_samd21.o
_erelocate                                        build/meowmeow/startup_samd21.o
_estack                                           build/meowmeow/startup_samd21.o
_etext                                            build/meowmeow/startup_samd21.o
_ezero                                            build/meowmeow/startup_samd21.o
_sfixed                                           build/meowmeow/startup_samd21.o
_srelocate                                        build/meowmeow/startup_samd21.o
_szero                                            build/meowmeow/startup_samd21.o
add_crc                                           build/meowmeow/usart_sam_ba.o
                                                  build/meowmeow/selfmain.o
b_sharp_received                                  build/meowmeow/usart_sam_ba.o
bootloader                                        build/meowmeow/selfdata.o
                                                  build/meowmeow/selfmain.o
bootloader_crcs                                   build/meowmeow/selfdata.o
                                                  build/meowmeow/selfmain.o
buffer_rx_usart                                   build/meowmeow/usart_sam_ba.o
buffer_tx_usart                                   build/meowmeow/usart_sam_ba.o
copy_words                                        build/meowmeow/flash_samd21.o
delay                                             build/meowmeow/utils.o
                                                  build/meowmeow/selfmain.o
error_timeout                                     build/meowmeow/usart_sam_ba.o
exception_table                                   build/meowmeow/startup_samd21.o
flash_erase_row                                   build/meowmeow/flash_samd21.o
flash_erase_to_end                                build/meowmeow/flash_samd21.o
flash_write                                       build/meowmeow/flash_samd21.o
flash_write_row                                   build/meowmeow/flash_samd21.o
                                                  build/meowmeow/selfmain.o
flash_write_words                                 build/meowmeow/flash_samd21.o
                                                  build/meowmeow/selfmain.o
g_interrupt_enabled                               build/meowmeow/init_samd21.o
getPacket                                         build/meowmeow/usart_sam_ba.o
idx_rx_read                                       build/meowmeow/usart_sam_ba.o
idx_rx_write                                      build/meowmeow/usart_sam_ba.o
idx_tx_read                                       build/meowmeow/usart_sam_ba.o
idx_tx_write                                      build/meowmeow/usart_sam_ba.o
led_init                                          build/meowmeow/utils.o
                                                  build/meowmeow/selfmain.o
led_signal                                        build/meowmeow/utils.o
led_tick                                          build/meowmeow/utils.o
                                                  build/meowmeow/init_samd21.o
led_tick_step                                     build/meowmeow/utils.o
main                                              build/meowmeow/selfmain.o
                                                  build/meowmeow/startup_samd21.o
memcpy                                            /usr/local/Cellar/gcc-arm-none-eabi/20150925/bin/../lib/gcc/arm-none-eabi/4.9.3/../../../../arm-none-eabi/lib/armv6-m/libg_nano.a(lib_a-memcpy.o)
                                                  build/meowmeow/selfmain.o
mode_of_transfer                                  build/meowmeow/usart_sam_ba.o
pageBuf                                           build/meowmeow/selfmain.o
panic                                             build/meowmeow/utils.o
                                                  build/meowmeow/selfmain.o
resetHorizon                                      build/meowmeow/utils.o
resetIntoApp                                      build/meowmeow/utils.o
                                                  build/meowmeow/selfmain.o
resetIntoBootloader                               build/meowmeow/utils.o
                                                  build/meowmeow/selfmain.o
setBootProt                                       build/meowmeow/selfmain.o
size_of_data                                      build/meowmeow/usart_sam_ba.o
system_init                                       build/meowmeow/init_samd21.o
                                                  build/meowmeow/selfmain.o
timerHigh                                         build/meowmeow/utils.o
timerTick                                         build/meowmeow/utils.o
uart_basic_init                                   build/meowmeow/usart_sam_ba.o
uart_disable                                      build/meowmeow/usart_sam_ba.o
uart_get_sercom_index                             build/meowmeow/usart_sam_ba.o
uart_read_byte                                    build/meowmeow/usart_sam_ba.o
uart_write_byte                                   build/meowmeow/usart_sam_ba.o
usart_close                                       build/meowmeow/usart_sam_ba.o
usart_getc                                        build/meowmeow/usart_sam_ba.o
usart_getdata                                     build/meowmeow/usart_sam_ba.o
usart_getdata_xmd                                 build/meowmeow/usart_sam_ba.o
usart_is_rx_ready                                 build/meowmeow/usart_sam_ba.o
usart_open                                        build/meowmeow/usart_sam_ba.o
usart_putc                                        build/meowmeow/usart_sam_ba.o
usart_putdata                                     build/meowmeow/usart_sam_ba.o
usart_putdata_xmd                                 build/meowmeow/usart_sam_ba.o
usart_readc                                       build/meowmeow/usart_sam_ba.o
usart_sharp_received                              build/meowmeow/usart_sam_ba.o
writeNum                                          build/meowmeow/utils.o
