Archive member included because of file (symbol)

/usr/local/Cellar/gcc-arm-none-eabi/20150925/bin/../lib/gcc/arm-none-eabi/4.9.3/armv6-m/libgcc.a(_thumb1_case_uqi.o)
                              build/meowmeow/hid.o (__gnu_thumb1_case_uqi)
/usr/local/Cellar/gcc-arm-none-eabi/20150925/bin/../lib/gcc/arm-none-eabi/4.9.3/../../../../arm-none-eabi/lib/armv6-m/libg_nano.a(lib_a-memcpy.o)
                              build/meowmeow/cdc_enumerate.o (memcpy)
/usr/local/Cellar/gcc-arm-none-eabi/20150925/bin/../lib/gcc/arm-none-eabi/4.9.3/../../../../arm-none-eabi/lib/armv6-m/libg_nano.a(lib_a-memset.o)
                              build/meowmeow/cdc_enumerate.o (memset)
/usr/local/Cellar/gcc-arm-none-eabi/20150925/bin/../lib/gcc/arm-none-eabi/4.9.3/../../../../arm-none-eabi/lib/armv6-m/libg_nano.a(lib_a-strlen.o)
                              build/meowmeow/cdc_enumerate.o (strlen)

Allocating common symbols
Common symbol       size              file

b_sharp_received    0x1               build/meowmeow/usart_sam_ba.o
timerHigh           0x4               build/meowmeow/utils.o
j                   0x1               build/meowmeow/sam_ba_monitor.o
idx_rx_write        0x1               build/meowmeow/usart_sam_ba.o
size_of_data        0x2               build/meowmeow/usart_sam_ba.o
ctrlOutCache        0x44              build/meowmeow/cdc_enumerate.o
length              0x4               build/meowmeow/sam_ba_monitor.o
ptr                 0x4               build/meowmeow/sam_ba_monitor.o
command             0x1               build/meowmeow/sam_ba_monitor.o
resetHorizon        0x4               build/meowmeow/utils.o
idx_tx_read         0x1               build/meowmeow/usart_sam_ba.o
i                   0x4               build/meowmeow/sam_ba_monitor.o
buffer_tx_usart     0x80              build/meowmeow/usart_sam_ba.o
error_timeout       0x1               build/meowmeow/usart_sam_ba.o
usb_endpoint_table  0x100             build/meowmeow/cdc_enumerate.o
data                0x41              build/meowmeow/sam_ba_monitor.o
mode_of_transfer    0x1               build/meowmeow/usart_sam_ba.o
ptr_data            0x4               build/meowmeow/sam_ba_monitor.o
idx_rx_read         0x1               build/meowmeow/usart_sam_ba.o
sp                  0x4               build/meowmeow/sam_ba_monitor.o
current_number      0x4               build/meowmeow/sam_ba_monitor.o
idx_tx_write        0x1               build/meowmeow/usart_sam_ba.o
endpointCache       0x220             build/meowmeow/cdc_enumerate.o
u32tmp              0x4               build/meowmeow/sam_ba_monitor.o
buffer_rx_usart     0x80              build/meowmeow/usart_sam_ba.o

Discarded input sections

 .text          0x0000000000000000        0x0 build/meowmeow/flash_samd21.o
 .data          0x0000000000000000        0x0 build/meowmeow/flash_samd21.o
 .bss           0x0000000000000000        0x0 build/meowmeow/flash_samd21.o
 .text.flash_write
                0x0000000000000000       0x88 build/meowmeow/flash_samd21.o
 .text          0x0000000000000000        0x0 build/meowmeow/init_samd21.o
 .data          0x0000000000000000        0x0 build/meowmeow/init_samd21.o
 .bss           0x0000000000000000        0x0 build/meowmeow/init_samd21.o
 .data.g_interrupt_enabled
                0x0000000000000000        0x1 build/meowmeow/init_samd21.o
 .text          0x0000000000000000        0x0 build/meowmeow/startup_samd21.o
 .data          0x0000000000000000        0x0 build/meowmeow/startup_samd21.o
 .bss           0x0000000000000000        0x0 build/meowmeow/startup_samd21.o
 .text          0x0000000000000000        0x0 build/meowmeow/usart_sam_ba.o
 .data          0x0000000000000000        0x0 build/meowmeow/usart_sam_ba.o
 .bss           0x0000000000000000        0x0 build/meowmeow/usart_sam_ba.o
 .text.usart_open
                0x0000000000000000       0xbc build/meowmeow/usart_sam_ba.o
 .text.usart_close
                0x0000000000000000       0x10 build/meowmeow/usart_sam_ba.o
 .text.usart_putc
                0x0000000000000000       0x14 build/meowmeow/usart_sam_ba.o
 .text.usart_is_rx_ready
                0x0000000000000000       0x10 build/meowmeow/usart_sam_ba.o
 .text.usart_getc
                0x0000000000000000       0x18 build/meowmeow/usart_sam_ba.o
 .text.usart_sharp_received
                0x0000000000000000       0x1c build/meowmeow/usart_sam_ba.o
 .text.usart_readc
                0x0000000000000000       0x20 build/meowmeow/usart_sam_ba.o
 .text.usart_putdata
                0x0000000000000000       0x1a build/meowmeow/usart_sam_ba.o
 .text.usart_getdata
                0x0000000000000000        0xe build/meowmeow/usart_sam_ba.o
 .text.getbytes
                0x0000000000000000       0x68 build/meowmeow/usart_sam_ba.o
 .text.getPacket
                0x0000000000000000       0x70 build/meowmeow/usart_sam_ba.o
 .text.usart_putdata_xmd
                0x0000000000000000      0x114 build/meowmeow/usart_sam_ba.o
 .text.usart_getdata_xmd
                0x0000000000000000       0xa0 build/meowmeow/usart_sam_ba.o
 COMMON         0x0000000000000000      0x109 build/meowmeow/usart_sam_ba.o
 .text          0x0000000000000000        0x0 build/meowmeow/utils.o
 .data          0x0000000000000000        0x0 build/meowmeow/utils.o
 .bss           0x0000000000000000        0x0 build/meowmeow/utils.o
 .text.panic    0x0000000000000000        0x2 build/meowmeow/utils.o
 .text          0x0000000000000000        0x0 build/meowmeow/cdc_enumerate.o
 .data          0x0000000000000000        0x0 build/meowmeow/cdc_enumerate.o
 .bss           0x0000000000000000        0x0 build/meowmeow/cdc_enumerate.o
 .text.reset_ep
                0x0000000000000000       0x24 build/meowmeow/cdc_enumerate.o
 .text.stall_ep
                0x0000000000000000       0x20 build/meowmeow/cdc_enumerate.o
 .text.cdc_is_rx_ready
                0x0000000000000000       0x20 build/meowmeow/cdc_enumerate.o
 .text          0x0000000000000000        0x0 build/meowmeow/fat.o
 .data          0x0000000000000000        0x0 build/meowmeow/fat.o
 .bss           0x0000000000000000        0x0 build/meowmeow/fat.o
 .text          0x0000000000000000        0x0 build/meowmeow/main.o
 .data          0x0000000000000000        0x0 build/meowmeow/main.o
 .bss           0x0000000000000000        0x0 build/meowmeow/main.o
 .text          0x0000000000000000        0x0 build/meowmeow/msc.o
 .data          0x0000000000000000        0x0 build/meowmeow/msc.o
 .bss           0x0000000000000000        0x0 build/meowmeow/msc.o
 .text.msc_reset
                0x0000000000000000       0x1c build/meowmeow/msc.o
 .text.udd_ep_set_halt
                0x0000000000000000       0x10 build/meowmeow/msc.o
 .bss.mscReset  0x0000000000000000        0x1 build/meowmeow/msc.o
 .text          0x0000000000000000        0x0 build/meowmeow/sam_ba_monitor.o
 .data          0x0000000000000000        0x0 build/meowmeow/sam_ba_monitor.o
 .bss           0x0000000000000000        0x0 build/meowmeow/sam_ba_monitor.o
 .text.sam_ba_monitor_init
                0x0000000000000000        0x2 build/meowmeow/sam_ba_monitor.o
 .text.sam_ba_putdata_term
                0x0000000000000000        0x8 build/meowmeow/sam_ba_monitor.o
 .text          0x0000000000000000        0x0 build/meowmeow/uart_driver.o
 .data          0x0000000000000000        0x0 build/meowmeow/uart_driver.o
 .bss           0x0000000000000000        0x0 build/meowmeow/uart_driver.o
 .text.uart_get_sercom_index
                0x0000000000000000       0x30 build/meowmeow/uart_driver.o
 .text.uart_basic_init
                0x0000000000000000       0x5c build/meowmeow/uart_driver.o
 .text.uart_disable
                0x0000000000000000       0x10 build/meowmeow/uart_driver.o
 .text.uart_write_byte
                0x0000000000000000        0xc build/meowmeow/uart_driver.o
 .text.uart_read_byte
                0x0000000000000000       0x30 build/meowmeow/uart_driver.o
 .text.uart_write_buffer_polled
                0x0000000000000000       0x1c build/meowmeow/uart_driver.o
 .text.uart_read_buffer_polled
                0x0000000000000000       0x40 build/meowmeow/uart_driver.o
 .rodata        0x0000000000000000       0x18 build/meowmeow/uart_driver.o
 .bss.uart_drv_error_flag
                0x0000000000000000        0x1 build/meowmeow/uart_driver.o
 .debug_info    0x0000000000000000     0x1e92 build/meowmeow/uart_driver.o
 .debug_abbrev  0x0000000000000000      0x1c7 build/meowmeow/uart_driver.o
 .debug_loc     0x0000000000000000      0x151 build/meowmeow/uart_driver.o
 .debug_aranges
                0x0000000000000000       0x50 build/meowmeow/uart_driver.o
 .debug_ranges  0x0000000000000000       0x58 build/meowmeow/uart_driver.o
 .debug_line    0x0000000000000000      0x252 build/meowmeow/uart_driver.o
 .debug_str     0x0000000000000000      0xa11 build/meowmeow/uart_driver.o
 .comment       0x0000000000000000       0x71 build/meowmeow/uart_driver.o
 .debug_frame   0x0000000000000000       0xa0 build/meowmeow/uart_driver.o
 .ARM.attributes
                0x0000000000000000       0x32 build/meowmeow/uart_driver.o
 .text          0x0000000000000000        0x0 build/meowmeow/hid.o
 .data          0x0000000000000000        0x0 build/meowmeow/hid.o
 .bss           0x0000000000000000        0x0 build/meowmeow/hid.o
 .data          0x0000000000000000        0x0 /usr/local/Cellar/gcc-arm-none-eabi/20150925/bin/../lib/gcc/arm-none-eabi/4.9.3/armv6-m/libgcc.a(_thumb1_case_uqi.o)
 .bss           0x0000000000000000        0x0 /usr/local/Cellar/gcc-arm-none-eabi/20150925/bin/../lib/gcc/arm-none-eabi/4.9.3/armv6-m/libgcc.a(_thumb1_case_uqi.o)
 .text          0x0000000000000000        0x0 /usr/local/Cellar/gcc-arm-none-eabi/20150925/bin/../lib/gcc/arm-none-eabi/4.9.3/../../../../arm-none-eabi/lib/armv6-m/libg_nano.a(lib_a-memcpy.o)
 .data          0x0000000000000000        0x0 /usr/local/Cellar/gcc-arm-none-eabi/20150925/bin/../lib/gcc/arm-none-eabi/4.9.3/../../../../arm-none-eabi/lib/armv6-m/libg_nano.a(lib_a-memcpy.o)
 .bss           0x0000000000000000        0x0 /usr/local/Cellar/gcc-arm-none-eabi/20150925/bin/../lib/gcc/arm-none-eabi/4.9.3/../../../../arm-none-eabi/lib/armv6-m/libg_nano.a(lib_a-memcpy.o)
 .text          0x0000000000000000        0x0 /usr/local/Cellar/gcc-arm-none-eabi/20150925/bin/../lib/gcc/arm-none-eabi/4.9.3/../../../../arm-none-eabi/lib/armv6-m/libg_nano.a(lib_a-memset.o)
 .data          0x0000000000000000        0x0 /usr/local/Cellar/gcc-arm-none-eabi/20150925/bin/../lib/gcc/arm-none-eabi/4.9.3/../../../../arm-none-eabi/lib/armv6-m/libg_nano.a(lib_a-memset.o)
 .bss           0x0000000000000000        0x0 /usr/local/Cellar/gcc-arm-none-eabi/20150925/bin/../lib/gcc/arm-none-eabi/4.9.3/../../../../arm-none-eabi/lib/armv6-m/libg_nano.a(lib_a-memset.o)
 .text          0x0000000000000000        0x0 /usr/local/Cellar/gcc-arm-none-eabi/20150925/bin/../lib/gcc/arm-none-eabi/4.9.3/../../../../arm-none-eabi/lib/armv6-m/libg_nano.a(lib_a-strlen.o)
 .data          0x0000000000000000        0x0 /usr/local/Cellar/gcc-arm-none-eabi/20150925/bin/../lib/gcc/arm-none-eabi/4.9.3/../../../../arm-none-eabi/lib/armv6-m/libg_nano.a(lib_a-strlen.o)
 .bss           0x0000000000000000        0x0 /usr/local/Cellar/gcc-arm-none-eabi/20150925/bin/../lib/gcc/arm-none-eabi/4.9.3/../../../../arm-none-eabi/lib/armv6-m/libg_nano.a(lib_a-strlen.o)

Memory Configuration

Name             Origin             Length             Attributes
rom              0x0000000000000000 0x0000000000002000 xr
ram              0x0000000020000000 0x0000000000008000 xrw
*default*        0x0000000000000000 0xffffffffffffffff

Linker script and memory map

LOAD build/meowmeow/flash_samd21.o
LOAD build/meowmeow/init_samd21.o
LOAD build/meowmeow/startup_samd21.o
LOAD build/meowmeow/usart_sam_ba.o
LOAD build/meowmeow/utils.o
LOAD build/meowmeow/cdc_enumerate.o
LOAD build/meowmeow/fat.o
LOAD build/meowmeow/main.o
LOAD build/meowmeow/msc.o
LOAD build/meowmeow/sam_ba_monitor.o
LOAD build/meowmeow/uart_driver.o
LOAD build/meowmeow/hid.o
START GROUP
LOAD /usr/local/Cellar/gcc-arm-none-eabi/20150925/bin/../lib/gcc/arm-none-eabi/4.9.3/armv6-m/libgcc.a
LOAD /usr/local/Cellar/gcc-arm-none-eabi/20150925/bin/../lib/gcc/arm-none-eabi/4.9.3/../../../../arm-none-eabi/lib/armv6-m/libg_nano.a
LOAD /usr/local/Cellar/gcc-arm-none-eabi/20150925/bin/../lib/gcc/arm-none-eabi/4.9.3/../../../../arm-none-eabi/lib/armv6-m/libc_nano.a
END GROUP
START GROUP
LOAD /usr/local/Cellar/gcc-arm-none-eabi/20150925/bin/../lib/gcc/arm-none-eabi/4.9.3/armv6-m/libgcc.a
LOAD /usr/local/Cellar/gcc-arm-none-eabi/20150925/bin/../lib/gcc/arm-none-eabi/4.9.3/../../../../arm-none-eabi/lib/armv6-m/libc_nano.a
LOAD /usr/local/Cellar/gcc-arm-none-eabi/20150925/bin/../lib/gcc/arm-none-eabi/4.9.3/../../../../arm-none-eabi/lib/armv6-m/libnosys.a
END GROUP
START GROUP
LOAD /usr/local/Cellar/gcc-arm-none-eabi/20150925/bin/../lib/gcc/arm-none-eabi/4.9.3/armv6-m/libgcc.a
LOAD /usr/local/Cellar/gcc-arm-none-eabi/20150925/bin/../lib/gcc/arm-none-eabi/4.9.3/../../../../arm-none-eabi/lib/armv6-m/libc_nano.a
LOAD /usr/local/Cellar/gcc-arm-none-eabi/20150925/bin/../lib/gcc/arm-none-eabi/4.9.3/../../../../arm-none-eabi/lib/armv6-m/libnosys.a
END GROUP
                0x0000000000002000                STACK_SIZE = DEFINED (STACK_SIZE)?STACK_SIZE:DEFINED (__stack_size__)?__stack_size__:0x2000

.text           0x0000000000000000     0x1cb0
                0x0000000000000000                . = ALIGN (0x4)
                0x0000000000000000                _sfixed = .
 *(.vectors .vectors.*)
 .vectors       0x0000000000000000       0xb4 build/meowmeow/startup_samd21.o
                0x0000000000000000                exception_table
 *(.text .text.* .gnu.linkonce.t.*)
 .text.flash_erase_row
                0x00000000000000b4       0x28 build/meowmeow/flash_samd21.o
                0x00000000000000b4                flash_erase_row
 .text.flash_erase_to_end
                0x00000000000000dc       0x1c build/meowmeow/flash_samd21.o
                0x00000000000000dc                flash_erase_to_end
 .text.copy_words
                0x00000000000000f8       0x14 build/meowmeow/flash_samd21.o
                0x00000000000000f8                copy_words
 .text.flash_write_words
                0x000000000000010c       0x50 build/meowmeow/flash_samd21.o
                0x000000000000010c                flash_write_words
 .text.flash_write_row
                0x000000000000015c       0x2c build/meowmeow/flash_samd21.o
                0x000000000000015c                flash_write_row
 .text.gclk_sync
                0x0000000000000188       0x10 build/meowmeow/init_samd21.o
 .text.dfll_sync
                0x0000000000000198       0x10 build/meowmeow/init_samd21.o
 .text.system_init
                0x00000000000001a8       0xcc build/meowmeow/init_samd21.o
                0x00000000000001a8                system_init
 .text.SysTick_Handler
                0x0000000000000274        0x8 build/meowmeow/init_samd21.o
                0x0000000000000274                SysTick_Handler
 .text.Dummy_Handler
                0x000000000000027c        0x2 build/meowmeow/startup_samd21.o
                0x000000000000027c                SYSCTRL_Handler
                0x000000000000027c                AC_Handler
                0x000000000000027c                PendSV_Handler
                0x000000000000027c                NMI_Handler
                0x000000000000027c                SERCOM1_Handler
                0x000000000000027c                ADC_Handler
                0x000000000000027c                TCC1_Handler
                0x000000000000027c                SERCOM2_Handler
                0x000000000000027c                TCC0_Handler
                0x000000000000027c                RTC_Handler
                0x000000000000027c                EIC_Handler
                0x000000000000027c                WDT_Handler
                0x000000000000027c                TC4_Handler
                0x000000000000027c                USB_Handler
                0x000000000000027c                TC3_Handler
                0x000000000000027c                Dummy_Handler
                0x000000000000027c                PM_Handler
                0x000000000000027c                SERCOM5_Handler
                0x000000000000027c                SVC_Handler
                0x000000000000027c                TCC2_Handler
                0x000000000000027c                EVSYS_Handler
                0x000000000000027c                SERCOM3_Handler
                0x000000000000027c                SERCOM4_Handler
                0x000000000000027c                I2S_Handler
                0x000000000000027c                NVMCTRL_Handler
                0x000000000000027c                SERCOM0_Handler
                0x000000000000027c                DAC_Handler
                0x000000000000027c                PTC_Handler
                0x000000000000027c                TC5_Handler
                0x000000000000027c                DMAC_Handler
 .text.HardFault_Handler
                0x000000000000027e        0x2 build/meowmeow/startup_samd21.o
                0x000000000000027e                HardFault_Handler
 .text.Reset_Handler
                0x0000000000000280       0xb0 build/meowmeow/startup_samd21.o
                0x0000000000000280                Reset_Handler
 .text.add_crc  0x0000000000000330       0x50 build/meowmeow/usart_sam_ba.o
                0x0000000000000330                add_crc
 .text.delay    0x0000000000000380       0x10 build/meowmeow/utils.o
                0x0000000000000380                delay
 .text.writeNum
                0x0000000000000390       0x3e build/meowmeow/utils.o
                0x0000000000000390                writeNum
 *fill*         0x00000000000003ce        0x2 
 .text.resetIntoApp
                0x00000000000003d0       0x28 build/meowmeow/utils.o
                0x00000000000003d0                resetIntoApp
 .text.timerTick
                0x00000000000003f8       0x40 build/meowmeow/utils.o
                0x00000000000003f8                timerTick
 .text.resetIntoBootloader
                0x0000000000000438       0x28 build/meowmeow/utils.o
                0x0000000000000438                resetIntoBootloader
 .text.led_tick
                0x0000000000000460       0x84 build/meowmeow/utils.o
                0x0000000000000460                led_tick
 .text.led_signal
                0x00000000000004e4       0x2c build/meowmeow/utils.o
                0x00000000000004e4                led_signal
 .text.led_init
                0x0000000000000510       0x18 build/meowmeow/utils.o
                0x0000000000000510                led_init
 .text.RGBLED_set_color
                0x0000000000000528        0x2 build/meowmeow/utils.o
                0x0000000000000528                RGBLED_set_color
 *fill*         0x000000000000052a        0x2 
 .text.AT91F_InitUSB
                0x000000000000052c      0x100 build/meowmeow/cdc_enumerate.o
                0x000000000000052c                AT91F_InitUSB
 .text.USB_ReadCore
                0x000000000000062c       0xe0 build/meowmeow/cdc_enumerate.o
                0x000000000000062c                USB_ReadCore
 .text.USB_Read
                0x000000000000070c        0xa build/meowmeow/cdc_enumerate.o
                0x000000000000070c                USB_Read
 .text.USB_ReadBlocking
                0x0000000000000716       0x22 build/meowmeow/cdc_enumerate.o
                0x0000000000000716                USB_ReadBlocking
 .text.USB_WriteCore
                0x0000000000000738       0x9c build/meowmeow/cdc_enumerate.o
                0x0000000000000738                USB_WriteCore
 .text.USB_Write
                0x00000000000007d4        0xa build/meowmeow/cdc_enumerate.o
                0x00000000000007d4                USB_Write
 *fill*         0x00000000000007de        0x2 
 .text.sendCtrl
                0x00000000000007e0       0x18 build/meowmeow/cdc_enumerate.o
 .text.AT91F_USB_SendZlp
                0x00000000000007f8       0x10 build/meowmeow/cdc_enumerate.o
                0x00000000000007f8                AT91F_USB_SendZlp
 .text.USB_Ok   0x0000000000000808      0x524 build/meowmeow/cdc_enumerate.o
                0x0000000000000808                USB_Ok
 .text.usb_init
                0x0000000000000d2c       0x28 build/meowmeow/cdc_enumerate.o
                0x0000000000000d2c                usb_init
 .text.cdc_write_buf
                0x0000000000000d54        0xe build/meowmeow/cdc_enumerate.o
                0x0000000000000d54                cdc_write_buf
 .text.cdc_write_buf_xmd
                0x0000000000000d62        0xe build/meowmeow/cdc_enumerate.o
                0x0000000000000d62                cdc_write_buf_xmd
 .text.cdc_read_buf
                0x0000000000000d70       0x1e build/meowmeow/cdc_enumerate.o
                0x0000000000000d70                cdc_read_buf
 .text.cdc_read_buf_xmd
                0x0000000000000d8e       0x20 build/meowmeow/cdc_enumerate.o
                0x0000000000000d8e                cdc_read_buf_xmd
 .text.padded_memcpy
                0x0000000000000dae       0x1e build/meowmeow/fat.o
                0x0000000000000dae                padded_memcpy
 .text.read_block
                0x0000000000000dcc      0x158 build/meowmeow/fat.o
                0x0000000000000dcc                read_block
 .text.write_block
                0x0000000000000f24       0xd8 build/meowmeow/fat.o
                0x0000000000000f24                write_block
 .text.startup.main
                0x0000000000000ffc      0x114 build/meowmeow/main.o
                0x0000000000000ffc                main
 .text.udi_msc_clear_sense
                0x0000000000001110       0x1c build/meowmeow/msc.o
 .text.udi_msc_sense_pass
                0x000000000000112c       0x14 build/meowmeow/msc.o
 .text.handover_flash
                0x0000000000001140       0x34 build/meowmeow/msc.o
 .text.try_read_cbw
                0x0000000000001174       0x2c build/meowmeow/msc.o
                0x0000000000001174                try_read_cbw
 .text.udi_msc_csw_send
                0x00000000000011a0       0x14 build/meowmeow/msc.o
                0x00000000000011a0                udi_msc_csw_send
 .text.udi_msc_csw_process
                0x00000000000011b4       0x38 build/meowmeow/msc.o
 .text.udi_msc_data_send
                0x00000000000011ec       0x6c build/meowmeow/msc.o
 .text.udi_msc_spc_mode_sense
                0x0000000000001258       0x70 build/meowmeow/msc.o
 .text.udi_msc_sbc_trans
                0x00000000000012c8       0xc0 build/meowmeow/msc.o
 .text.process_msc
                0x0000000000001388      0x148 build/meowmeow/msc.o
                0x0000000000001388                process_msc
 .text.handoverPrep
                0x00000000000014d0       0x24 build/meowmeow/msc.o
                0x00000000000014d0                handoverPrep
 .text.handover
                0x00000000000014f4       0xe4 build/meowmeow/msc.o
 .text.call_applet
                0x00000000000015d8       0x20 build/meowmeow/sam_ba_monitor.o
                0x00000000000015d8                call_applet
 .text.put_uint32
                0x00000000000015f8       0x16 build/meowmeow/sam_ba_monitor.o
                0x00000000000015f8                put_uint32
 *fill*         0x000000000000160e        0x2 
 .text.sam_ba_monitor_run
                0x0000000000001610      0x268 build/meowmeow/sam_ba_monitor.o
                0x0000000000001610                sam_ba_monitor_run
 .text.recv_hf2
                0x0000000000001878       0x54 build/meowmeow/hid.o
                0x0000000000001878                recv_hf2
 .text.send_hf2
                0x00000000000018cc       0x44 build/meowmeow/hid.o
                0x00000000000018cc                send_hf2
 .text.send_hf2_response
                0x0000000000001910       0x18 build/meowmeow/hid.o
                0x0000000000001910                send_hf2_response
 .text.process_core
                0x0000000000001928       0xf8 build/meowmeow/hid.o
                0x0000000000001928                process_core
 .text.process_hid
                0x0000000000001a20       0x28 build/meowmeow/hid.o
                0x0000000000001a20                process_hid
 .text.hidHandoverLoop
                0x0000000000001a48       0x24 build/meowmeow/hid.o
                0x0000000000001a48                hidHandoverLoop
 .text          0x0000000000001a6c       0x14 /usr/local/Cellar/gcc-arm-none-eabi/20150925/bin/../lib/gcc/arm-none-eabi/4.9.3/armv6-m/libgcc.a(_thumb1_case_uqi.o)
                0x0000000000001a6c                __gnu_thumb1_case_uqi
 .text.memcpy   0x0000000000001a80       0x12 /usr/local/Cellar/gcc-arm-none-eabi/20150925/bin/../lib/gcc/arm-none-eabi/4.9.3/../../../../arm-none-eabi/lib/armv6-m/libg_nano.a(lib_a-memcpy.o)
                0x0000000000001a80                memcpy
 .text.memset   0x0000000000001a92       0x10 /usr/local/Cellar/gcc-arm-none-eabi/20150925/bin/../lib/gcc/arm-none-eabi/4.9.3/../../../../arm-none-eabi/lib/armv6-m/libg_nano.a(lib_a-memset.o)
                0x0000000000001a92                memset
 .text.strlen   0x0000000000001aa2        0xe /usr/local/Cellar/gcc-arm-none-eabi/20150925/bin/../lib/gcc/arm-none-eabi/4.9.3/../../../../arm-none-eabi/lib/armv6-m/libg_nano.a(lib_a-strlen.o)
                0x0000000000001aa2                strlen
 *(.glue_7t)
 .glue_7t       0x0000000000000000        0x0 linker stubs
 *(.glue_7)
 .glue_7        0x0000000000000000        0x0 linker stubs
 *(.rodata .rodata* .gnu.linkonce.r.*)
 .rodata        0x0000000000001ab0       0x10 build/meowmeow/cdc_enumerate.o
 .rodata.hidDescriptor
                0x0000000000001ac0       0x21 build/meowmeow/cdc_enumerate.o
                0x0000000000001ac0                hidDescriptor
 .rodata.str1.1
                0x0000000000001ae1       0x1a build/meowmeow/cdc_enumerate.o
 *fill*         0x0000000000001afb        0x1 
 .rodata.string_descriptors
                0x0000000000001afc       0x10 build/meowmeow/cdc_enumerate.o
 .rodata.devDescriptor
                0x0000000000001b0c       0x12 build/meowmeow/cdc_enumerate.o
                0x0000000000001b0c                devDescriptor
 .rodata.indexFile
                0x0000000000001b1e       0x78 build/meowmeow/fat.o
                0x0000000000001b1e                indexFile
 .rodata.infoUf2File
                0x0000000000001b96       0x63 build/meowmeow/fat.o
                0x0000000000001b96                infoUf2File
 .rodata.BootBlock
                0x0000000000001bf9       0x3e build/meowmeow/fat.o
 *fill*         0x0000000000001c37        0x1 
 .rodata.info   0x0000000000001c38       0x30 build/meowmeow/fat.o
 .rodata        0x0000000000001c68        0xc build/meowmeow/msc.o
 .rodata.str1.1
                0x0000000000000000        0xa build/meowmeow/msc.o
 .rodata.fullVersion
                0x0000000000001c74       0x2a build/meowmeow/sam_ba_monitor.o
 .rodata.str1.1
                0x0000000000001c9e       0x10 build/meowmeow/sam_ba_monitor.o
 *(.ARM.extab* .gnu.linkonce.armextab.*)
                0x0000000000001cb0                . = ALIGN (0x4)
 *fill*         0x0000000000001cae        0x2 
 *(.init)
                0x0000000000001cb0                . = ALIGN (0x4)
                0x0000000000001cb0                __preinit_array_start = .
 *(.preinit_array)
                0x0000000000001cb0                __preinit_array_end = .
                0x0000000000001cb0                . = ALIGN (0x4)
                0x0000000000001cb0                __init_array_start = .
 *(SORT(.init_array.*))
 *(.init_array)
                0x0000000000001cb0                __init_array_end = .
                0x0000000000001cb0                . = ALIGN (0x4)
 *crtbegin.o(.ctors)
 *(EXCLUDE_FILE(*crtend.o) .ctors)
 *(SORT(.ctors.*))
 *crtend.o(.ctors)
                0x0000000000001cb0                . = ALIGN (0x4)
                0x0000000000001cb0                _efixed = .
                0x0000000000001cb0                PROVIDE (__exidx_start, .)

.vfp11_veneer   0x0000000000001cb0        0x0
 .vfp11_veneer  0x0000000000000000        0x0 linker stubs

.v4_bx          0x0000000000001cb0        0x0
 .v4_bx         0x0000000000000000        0x0 linker stubs

.iplt           0x0000000000001cb0        0x0
 .iplt          0x0000000000000000        0x0 build/meowmeow/flash_samd21.o

.igot.plt       0x0000000000001cb0        0x0
 .igot.plt      0x0000000000000000        0x0 build/meowmeow/flash_samd21.o

.rel.dyn        0x0000000000001cb0        0x0
 .rel.iplt      0x0000000000000000        0x0 build/meowmeow/flash_samd21.o

.ARM.exidx
 *(.ARM.exidx* .gnu.linkonce.armexidx.*)
                0x0000000000001cb0                PROVIDE (__exidx_end, .)
                0x0000000000001cb0                . = ALIGN (0x4)
                0x0000000000001cb0                _etext = .

.relocate       0x0000000020000000      0x1d0 load address 0x0000000000001cb0
                0x0000000020000000                . = ALIGN (0x4)
                0x0000000020000000                _srelocate = .
 *(.ramfunc .ramfunc.*)
 *(.data .data.*)
 .data.led_tick_step
                0x0000000020000000        0x1 build/meowmeow/utils.o
                0x0000000020000000                led_tick_step
 .data.limit    0x0000000020000001        0x1 build/meowmeow/utils.o
 *fill*         0x0000000020000002        0x2 
 .data.bosDescriptor
                0x0000000020000004       0x39 build/meowmeow/cdc_enumerate.o
 *fill*         0x000000002000003d        0x3 
 .data.msOS20Descriptor
                0x0000000020000040       0xaa build/meowmeow/cdc_enumerate.o
 *fill*         0x00000000200000ea        0x2 
 .data.cfgDescriptor
                0x00000000200000ec       0x99 build/meowmeow/cdc_enumerate.o
                0x00000000200000ec                cfgDescriptor
 *fill*         0x0000000020000185        0x3 
 .data.line_coding
                0x0000000020000188        0x8 build/meowmeow/cdc_enumerate.o
 .data.hidCfgDescriptor
                0x0000000020000190        0x9 build/meowmeow/cdc_enumerate.o
                0x0000000020000190                hidCfgDescriptor
 *fill*         0x0000000020000199        0x3 
 .data.udi_msc_inquiry_data.11904
                0x000000002000019c       0x24 build/meowmeow/msc.o
 .data.udi_msc_csw
                0x00000000200001c0        0xd build/meowmeow/msc.o
                0x00000000200001d0                . = ALIGN (0x4)
 *fill*         0x00000000200001cd        0x3 
                0x00000000200001d0                _erelocate = .

.bss            0x00000000200001d0      0xc08 load address 0x0000000000001e80
                0x00000000200001d0                . = ALIGN (0x4)
                0x00000000200001d0                _sbss = .
                0x00000000200001d0                _szero = .
 *(.bss .bss.*)
 .bss.crcCache  0x00000000200001d0      0x200 build/meowmeow/usart_sam_ba.o
 .bss.now       0x00000000200003d0        0x4 build/meowmeow/utils.o
 .bss.signal_end
                0x00000000200003d4        0x4 build/meowmeow/utils.o
 .bss.timerLow  0x00000000200003d8        0x4 build/meowmeow/utils.o
 .bss.currentConfiguration
                0x00000000200003dc        0x1 build/meowmeow/cdc_enumerate.o
 .bss.pCdc      0x00000000200003dd        0x2 build/meowmeow/cdc_enumerate.o
 *fill*         0x00000000200003df        0x1 
 .bss.wLength   0x00000000200003e0        0x2 build/meowmeow/cdc_enumerate.o
 .bss.serial_number
                0x00000000200003e2       0x21 build/meowmeow/cdc_enumerate.o
 .bss.main_b_cdc_enable
                0x0000000020000403        0x1 build/meowmeow/main.o
 .bss.udi_msc_capacity.11937
                0x0000000020000404        0x8 build/meowmeow/msc.o
 .bss.udi_msc_cbw
                0x000000002000040c       0x1f build/meowmeow/msc.o
 *fill*         0x000000002000042b        0x1 
 .bss.usbWriteState
                0x000000002000042c       0x98 build/meowmeow/msc.o
 .bss.block_buffer
                0x00000000200004c4      0x200 build/meowmeow/msc.o
 .bss.udi_msc_sense
                0x00000000200006c4       0x12 build/meowmeow/msc.o
 *fill*         0x00000000200006d6        0x2 
 .bss.sense.11927
                0x00000000200006d8       0x14 build/meowmeow/msc.o
 .bss.src_buff_addr.11349
                0x00000000200006ec        0x4 build/meowmeow/sam_ba_monitor.o
 .bss.b_sam_ba_interface_usart
                0x00000000200006f0        0x1 build/meowmeow/sam_ba_monitor.o
                0x00000000200006f0                b_sam_ba_interface_usart
 *fill*         0x00000000200006f1        0x3 
 .bss.hidbufData
                0x00000000200006f4      0x188 build/meowmeow/hid.o
 .bss.webbufData
                0x000000002000087c      0x188 build/meowmeow/hid.o
 *(COMMON)
 COMMON         0x0000000020000a04        0x8 build/meowmeow/utils.o
                0x0000000020000a04                timerHigh
                0x0000000020000a08                resetHorizon
 COMMON         0x0000000020000a0c      0x364 build/meowmeow/cdc_enumerate.o
                0x0000000020000a0c                ctrlOutCache
                0x0000000020000a50                usb_endpoint_table
                0x0000000020000b50                endpointCache
 COMMON         0x0000000020000d70       0x68 build/meowmeow/sam_ba_monitor.o
                0x0000000020000d70                j
                0x0000000020000d74                length
                0x0000000020000d78                ptr
                0x0000000020000d7c                command
                0x0000000020000d80                i
                0x0000000020000d84                data
                0x0000000020000dc8                ptr_data
                0x0000000020000dcc                sp
                0x0000000020000dd0                current_number
                0x0000000020000dd4                u32tmp
                0x0000000020000dd8                . = ALIGN (0x4)
                0x0000000020000dd8                _ebss = .
                0x0000000020000dd8                _ezero = .

.stack          0x0000000020000dd8     0x2000 load address 0x0000000000002a88
                0x0000000020000dd8                . = ALIGN (0x8)
                0x0000000020000dd8                _sstack = .
                0x0000000020002dd8                . = (. + STACK_SIZE)
 *fill*         0x0000000020000dd8     0x2000 
                0x0000000020002dd8                . = ALIGN (0x8)
                0x0000000020002dd8                _estack = .
                0x0000000020002dd8                . = ALIGN (0x4)
                0x0000000020002dd8                _end = .
                0x0000000000001ff0                _binfo_start = 0x1ff0

.binfo          0x0000000000001ff0       0x10
 *(.binfo)
 .binfo         0x0000000000001ff0       0x10 build/meowmeow/msc.o
                0x0000000000001ff0                binfo
OUTPUT(build/meowmeow/bootloader-meowmeow-v2.0.0-14-g05ecdd6-dirty.elf elf32-littlearm)

.debug_info     0x0000000000000000    0x12f4b
 .debug_info    0x0000000000000000      0x75e build/meowmeow/flash_samd21.o
 .debug_info    0x000000000000075e     0x1b06 build/meowmeow/init_samd21.o
 .debug_info    0x0000000000002264     0x3632 build/meowmeow/startup_samd21.o
 .debug_info    0x0000000000005896     0x3543 build/meowmeow/usart_sam_ba.o
 .debug_info    0x0000000000008dd9      0x9d3 build/meowmeow/utils.o
 .debug_info    0x00000000000097ac     0x3c5c build/meowmeow/cdc_enumerate.o
 .debug_info    0x000000000000d408      0x821 build/meowmeow/fat.o
 .debug_info    0x000000000000dc29     0x10f1 build/meowmeow/main.o
 .debug_info    0x000000000000ed1a     0x314f build/meowmeow/msc.o
 .debug_info    0x0000000000011e69      0x64f build/meowmeow/sam_ba_monitor.o
 .debug_info    0x00000000000124b8      0xa93 build/meowmeow/hid.o

.debug_abbrev   0x0000000000000000     0x1f3f
 .debug_abbrev  0x0000000000000000      0x1b9 build/meowmeow/flash_samd21.o
 .debug_abbrev  0x00000000000001b9      0x24c build/meowmeow/init_samd21.o
 .debug_abbrev  0x0000000000000405      0x25d build/meowmeow/startup_samd21.o
 .debug_abbrev  0x0000000000000662      0x3d2 build/meowmeow/usart_sam_ba.o
 .debug_abbrev  0x0000000000000a34      0x270 build/meowmeow/utils.o
 .debug_abbrev  0x0000000000000ca4      0x3dd build/meowmeow/cdc_enumerate.o
 .debug_abbrev  0x0000000000001081      0x24e build/meowmeow/fat.o
 .debug_abbrev  0x00000000000012cf      0x291 build/meowmeow/main.o
 .debug_abbrev  0x0000000000001560      0x485 build/meowmeow/msc.o
 .debug_abbrev  0x00000000000019e5      0x272 build/meowmeow/sam_ba_monitor.o
 .debug_abbrev  0x0000000000001c57      0x2e8 build/meowmeow/hid.o

.debug_loc      0x0000000000000000     0x2390
 .debug_loc     0x0000000000000000      0x383 build/meowmeow/flash_samd21.o
 .debug_loc     0x0000000000000383       0x39 build/meowmeow/init_samd21.o
 .debug_loc     0x00000000000003bc       0x2b build/meowmeow/startup_samd21.o
 .debug_loc     0x00000000000003e7      0x70f build/meowmeow/usart_sam_ba.o
 .debug_loc     0x0000000000000af6      0x10b build/meowmeow/utils.o
 .debug_loc     0x0000000000000c01      0x7e0 build/meowmeow/cdc_enumerate.o
 .debug_loc     0x00000000000013e1      0x447 build/meowmeow/fat.o
 .debug_loc     0x0000000000001828       0x15 build/meowmeow/main.o
 .debug_loc     0x000000000000183d      0x45f build/meowmeow/msc.o
 .debug_loc     0x0000000000001c9c      0x1f7 build/meowmeow/sam_ba_monitor.o
 .debug_loc     0x0000000000001e93      0x4fd build/meowmeow/hid.o

.debug_aranges  0x0000000000000000      0x3a0
 .debug_aranges
                0x0000000000000000       0x48 build/meowmeow/flash_samd21.o
 .debug_aranges
                0x0000000000000048       0x38 build/meowmeow/init_samd21.o
 .debug_aranges
                0x0000000000000080       0x30 build/meowmeow/startup_samd21.o
 .debug_aranges
                0x00000000000000b0       0x88 build/meowmeow/usart_sam_ba.o
 .debug_aranges
                0x0000000000000138       0x68 build/meowmeow/utils.o
 .debug_aranges
                0x00000000000001a0       0xa0 build/meowmeow/cdc_enumerate.o
 .debug_aranges
                0x0000000000000240       0x30 build/meowmeow/fat.o
 .debug_aranges
                0x0000000000000270       0x20 build/meowmeow/main.o
 .debug_aranges
                0x0000000000000290       0x88 build/meowmeow/msc.o
 .debug_aranges
                0x0000000000000318       0x40 build/meowmeow/sam_ba_monitor.o
 .debug_aranges
                0x0000000000000358       0x48 build/meowmeow/hid.o

.debug_ranges   0x0000000000000000      0x470
 .debug_ranges  0x0000000000000000       0x38 build/meowmeow/flash_samd21.o
 .debug_ranges  0x0000000000000038       0x48 build/meowmeow/init_samd21.o
 .debug_ranges  0x0000000000000080       0x20 build/meowmeow/startup_samd21.o
 .debug_ranges  0x00000000000000a0       0x78 build/meowmeow/usart_sam_ba.o
 .debug_ranges  0x0000000000000118       0x70 build/meowmeow/utils.o
 .debug_ranges  0x0000000000000188       0xc8 build/meowmeow/cdc_enumerate.o
 .debug_ranges  0x0000000000000250       0xa0 build/meowmeow/fat.o
 .debug_ranges  0x00000000000002f0       0x10 build/meowmeow/main.o
 .debug_ranges  0x0000000000000300       0xa8 build/meowmeow/msc.o
 .debug_ranges  0x00000000000003a8       0x60 build/meowmeow/sam_ba_monitor.o
 .debug_ranges  0x0000000000000408       0x68 build/meowmeow/hid.o

.debug_line     0x0000000000000000     0x1ff8
 .debug_line    0x0000000000000000      0x20b build/meowmeow/flash_samd21.o
 .debug_line    0x000000000000020b      0x233 build/meowmeow/init_samd21.o
 .debug_line    0x000000000000043e      0x1ec build/meowmeow/startup_samd21.o
 .debug_line    0x000000000000062a      0x3a9 build/meowmeow/usart_sam_ba.o
 .debug_line    0x00000000000009d3      0x2a5 build/meowmeow/utils.o
 .debug_line    0x0000000000000c78      0x510 build/meowmeow/cdc_enumerate.o
 .debug_line    0x0000000000001188      0x2b9 build/meowmeow/fat.o
 .debug_line    0x0000000000001441      0x22a build/meowmeow/main.o
 .debug_line    0x000000000000166b      0x499 build/meowmeow/msc.o
 .debug_line    0x0000000000001b04      0x25d build/meowmeow/sam_ba_monitor.o
 .debug_line    0x0000000000001d61      0x297 build/meowmeow/hid.o

.debug_str      0x0000000000000000     0x3a22
 .debug_str     0x0000000000000000      0x350 build/meowmeow/flash_samd21.o
                                        0x3f4 (size before relaxing)
 .debug_str     0x0000000000000350      0x6f4 build/meowmeow/init_samd21.o
                                        0xa84 (size before relaxing)
 .debug_str     0x0000000000000a44      0xecd build/meowmeow/startup_samd21.o
                                       0x134f (size before relaxing)
 .debug_str     0x0000000000001911      0xc4e build/meowmeow/usart_sam_ba.o
                                        0xfbf (size before relaxing)
 .debug_str     0x000000000000255f       0xda build/meowmeow/utils.o
                                        0x476 (size before relaxing)
 .debug_str     0x0000000000002639      0x42a build/meowmeow/cdc_enumerate.o
                                       0x1211 (size before relaxing)
 .debug_str     0x0000000000002a63      0x2ae build/meowmeow/fat.o
                                        0x4ee (size before relaxing)
 .debug_str     0x0000000000002d11       0x86 build/meowmeow/main.o
                                        0x6f9 (size before relaxing)
 .debug_str     0x0000000000002d97      0x9ce build/meowmeow/msc.o
                                       0x1491 (size before relaxing)
 .debug_str     0x0000000000003765       0xc9 build/meowmeow/sam_ba_monitor.o
                                        0x3a0 (size before relaxing)
 .debug_str     0x000000000000382e      0x1f4 build/meowmeow/hid.o
                                        0x4c0 (size before relaxing)

.comment        0x0000000000000000       0x70
 .comment       0x0000000000000000       0x70 build/meowmeow/flash_samd21.o
                                         0x71 (size before relaxing)
 .comment       0x0000000000000000       0x71 build/meowmeow/init_samd21.o
 .comment       0x0000000000000000       0x71 build/meowmeow/startup_samd21.o
 .comment       0x0000000000000000       0x71 build/meowmeow/usart_sam_ba.o
 .comment       0x0000000000000000       0x71 build/meowmeow/utils.o
 .comment       0x0000000000000000       0x71 build/meowmeow/cdc_enumerate.o
 .comment       0x0000000000000000       0x71 build/meowmeow/fat.o
 .comment       0x0000000000000000       0x71 build/meowmeow/main.o
 .comment       0x0000000000000000       0x71 build/meowmeow/msc.o
 .comment       0x0000000000000000       0x71 build/meowmeow/sam_ba_monitor.o
 .comment       0x0000000000000000       0x71 build/meowmeow/hid.o

.ARM.attributes
                0x0000000000000000       0x32
 .ARM.attributes
                0x0000000000000000       0x32 build/meowmeow/flash_samd21.o
 .ARM.attributes
                0x0000000000000032       0x32 build/meowmeow/init_samd21.o
 .ARM.attributes
                0x0000000000000064       0x32 build/meowmeow/startup_samd21.o
 .ARM.attributes
                0x0000000000000096       0x32 build/meowmeow/usart_sam_ba.o
 .ARM.attributes
                0x00000000000000c8       0x32 build/meowmeow/utils.o
 .ARM.attributes
                0x00000000000000fa       0x32 build/meowmeow/cdc_enumerate.o
 .ARM.attributes
                0x000000000000012c       0x32 build/meowmeow/fat.o
 .ARM.attributes
                0x000000000000015e       0x32 build/meowmeow/main.o
 .ARM.attributes
                0x0000000000000190       0x32 build/meowmeow/msc.o
 .ARM.attributes
                0x00000000000001c2       0x32 build/meowmeow/sam_ba_monitor.o
 .ARM.attributes
                0x00000000000001f4       0x32 build/meowmeow/hid.o
 .ARM.attributes
                0x0000000000000226       0x1e /usr/local/Cellar/gcc-arm-none-eabi/20150925/bin/../lib/gcc/arm-none-eabi/4.9.3/armv6-m/libgcc.a(_thumb1_case_uqi.o)
 .ARM.attributes
                0x0000000000000244       0x2c /usr/local/Cellar/gcc-arm-none-eabi/20150925/bin/../lib/gcc/arm-none-eabi/4.9.3/../../../../arm-none-eabi/lib/armv6-m/libg_nano.a(lib_a-memcpy.o)
 .ARM.attributes
                0x0000000000000270       0x2c /usr/local/Cellar/gcc-arm-none-eabi/20150925/bin/../lib/gcc/arm-none-eabi/4.9.3/../../../../arm-none-eabi/lib/armv6-m/libg_nano.a(lib_a-memset.o)
 .ARM.attributes
                0x000000000000029c       0x2c /usr/local/Cellar/gcc-arm-none-eabi/20150925/bin/../lib/gcc/arm-none-eabi/4.9.3/../../../../arm-none-eabi/lib/armv6-m/libg_nano.a(lib_a-strlen.o)

.debug_frame    0x0000000000000000      0x954
 .debug_frame   0x0000000000000000       0xac build/meowmeow/flash_samd21.o
 .debug_frame   0x00000000000000ac       0x68 build/meowmeow/init_samd21.o
 .debug_frame   0x0000000000000114       0x4c build/meowmeow/startup_samd21.o
 .debug_frame   0x0000000000000160      0x184 build/meowmeow/usart_sam_ba.o
 .debug_frame   0x00000000000002e4       0xd0 build/meowmeow/utils.o
 .debug_frame   0x00000000000003b4      0x1cc build/meowmeow/cdc_enumerate.o
 .debug_frame   0x0000000000000580       0x60 build/meowmeow/fat.o
 .debug_frame   0x00000000000005e0       0x2c build/meowmeow/main.o
 .debug_frame   0x000000000000060c      0x190 build/meowmeow/msc.o
 .debug_frame   0x000000000000079c       0x90 build/meowmeow/sam_ba_monitor.o
 .debug_frame   0x000000000000082c       0xc0 build/meowmeow/hid.o
 .debug_frame   0x00000000000008ec       0x28 /usr/local/Cellar/gcc-arm-none-eabi/20150925/bin/../lib/gcc/arm-none-eabi/4.9.3/../../../../arm-none-eabi/lib/armv6-m/libg_nano.a(lib_a-memcpy.o)
 .debug_frame   0x0000000000000914       0x20 /usr/local/Cellar/gcc-arm-none-eabi/20150925/bin/../lib/gcc/arm-none-eabi/4.9.3/../../../../arm-none-eabi/lib/armv6-m/libg_nano.a(lib_a-memset.o)
 .debug_frame   0x0000000000000934       0x20 /usr/local/Cellar/gcc-arm-none-eabi/20150925/bin/../lib/gcc/arm-none-eabi/4.9.3/../../../../arm-none-eabi/lib/armv6-m/libg_nano.a(lib_a-strlen.o)

Cross Reference Table

Symbol                                            File
AC_Handler                                        build/meowmeow/startup_samd21.o
ADC_Handler                                       build/meowmeow/startup_samd21.o
AT91F_InitUSB                                     build/meowmeow/cdc_enumerate.o
AT91F_USB_SendZlp                                 build/meowmeow/cdc_enumerate.o
DAC_Handler                                       build/meowmeow/startup_samd21.o
DMAC_Handler                                      build/meowmeow/startup_samd21.o
Dummy_Handler                                     build/meowmeow/startup_samd21.o
EIC_Handler                                       build/meowmeow/startup_samd21.o
EVSYS_Handler                                     build/meowmeow/startup_samd21.o
HardFault_Handler                                 build/meowmeow/startup_samd21.o
I2S_Handler                                       build/meowmeow/startup_samd21.o
NMI_Handler                                       build/meowmeow/startup_samd21.o
NVMCTRL_Handler                                   build/meowmeow/startup_samd21.o
PM_Handler                                        build/meowmeow/startup_samd21.o
PTC_Handler                                       build/meowmeow/startup_samd21.o
PendSV_Handler                                    build/meowmeow/startup_samd21.o
RGBLED_set_color                                  build/meowmeow/utils.o
                                                  build/meowmeow/sam_ba_monitor.o
                                                  build/meowmeow/main.o
RTC_Handler                                       build/meowmeow/startup_samd21.o
Reset_Handler                                     build/meowmeow/startup_samd21.o
SERCOM0_Handler                                   build/meowmeow/startup_samd21.o
SERCOM1_Handler                                   build/meowmeow/startup_samd21.o
SERCOM2_Handler                                   build/meowmeow/startup_samd21.o
SERCOM3_Handler                                   build/meowmeow/startup_samd21.o
SERCOM4_Handler                                   build/meowmeow/startup_samd21.o
SERCOM5_Handler                                   build/meowmeow/startup_samd21.o
SVC_Handler                                       build/meowmeow/startup_samd21.o
SYSCTRL_Handler                                   build/meowmeow/startup_samd21.o
SysTick_Handler                                   build/meowmeow/init_samd21.o
TC3_Handler                                       build/meowmeow/startup_samd21.o
TC4_Handler                                       build/meowmeow/startup_samd21.o
TC5_Handler                                       build/meowmeow/startup_samd21.o
TCC0_Handler                                      build/meowmeow/startup_samd21.o
TCC1_Handler                                      build/meowmeow/startup_samd21.o
TCC2_Handler                                      build/meowmeow/startup_samd21.o
USB_Handler                                       build/meowmeow/startup_samd21.o
USB_Ok                                            build/meowmeow/cdc_enumerate.o
                                                  build/meowmeow/msc.o
                                                  build/meowmeow/main.o
USB_Read                                          build/meowmeow/cdc_enumerate.o
USB_ReadBlocking                                  build/meowmeow/cdc_enumerate.o
                                                  build/meowmeow/msc.o
USB_ReadCore                                      build/meowmeow/cdc_enumerate.o
                                                  build/meowmeow/hid.o
                                                  build/meowmeow/msc.o
USB_Write                                         build/meowmeow/cdc_enumerate.o
                                                  build/meowmeow/msc.o
USB_WriteCore                                     build/meowmeow/cdc_enumerate.o
                                                  build/meowmeow/hid.o
                                                  build/meowmeow/msc.o
WDT_Handler                                       build/meowmeow/startup_samd21.o
__gnu_thumb1_case_uqi                             /usr/local/Cellar/gcc-arm-none-eabi/20150925/bin/../lib/gcc/arm-none-eabi/4.9.3/armv6-m/libgcc.a(_thumb1_case_uqi.o)
                                                  build/meowmeow/hid.o
_erelocate                                        build/meowmeow/startup_samd21.o
_estack                                           build/meowmeow/startup_samd21.o
_etext                                            build/meowmeow/startup_samd21.o
_ezero                                            build/meowmeow/startup_samd21.o
_sfixed                                           build/meowmeow/startup_samd21.o
_srelocate                                        build/meowmeow/startup_samd21.o
_szero                                            build/meowmeow/startup_samd21.o
add_crc                                           build/meowmeow/usart_sam_ba.o
                                                  build/meowmeow/hid.o
                                                  build/meowmeow/sam_ba_monitor.o
b_sam_ba_interface_usart                          build/meowmeow/sam_ba_monitor.o
b_sharp_received                                  build/meowmeow/usart_sam_ba.o
binfo                                             build/meowmeow/msc.o
buffer_rx_usart                                   build/meowmeow/usart_sam_ba.o
buffer_tx_usart                                   build/meowmeow/usart_sam_ba.o
call_applet                                       build/meowmeow/sam_ba_monitor.o
cdc_is_rx_ready                                   build/meowmeow/cdc_enumerate.o
cdc_read_buf                                      build/meowmeow/cdc_enumerate.o
                                                  build/meowmeow/sam_ba_monitor.o
cdc_read_buf_xmd                                  build/meowmeow/cdc_enumerate.o
                                                  build/meowmeow/sam_ba_monitor.o
cdc_write_buf                                     build/meowmeow/cdc_enumerate.o
                                                  build/meowmeow/sam_ba_monitor.o
cdc_write_buf_xmd                                 build/meowmeow/cdc_enumerate.o
                                                  build/meowmeow/sam_ba_monitor.o
cfgDescriptor                                     build/meowmeow/cdc_enumerate.o
command                                           build/meowmeow/sam_ba_monitor.o
copy_words                                        build/meowmeow/flash_samd21.o
                                                  build/meowmeow/hid.o
ctrlOutCache                                      build/meowmeow/cdc_enumerate.o
current_number                                    build/meowmeow/sam_ba_monitor.o
data                                              build/meowmeow/sam_ba_monitor.o
delay                                             build/meowmeow/utils.o
                                                  build/meowmeow/main.o
devDescriptor                                     build/meowmeow/cdc_enumerate.o
endpointCache                                     build/meowmeow/cdc_enumerate.o
error_timeout                                     build/meowmeow/usart_sam_ba.o
exception_table                                   build/meowmeow/startup_samd21.o
flash_erase_row                                   build/meowmeow/flash_samd21.o
flash_erase_to_end                                build/meowmeow/flash_samd21.o
                                                  build/meowmeow/sam_ba_monitor.o
flash_write                                       build/meowmeow/flash_samd21.o
flash_write_row                                   build/meowmeow/flash_samd21.o
                                                  build/meowmeow/hid.o
                                                  build/meowmeow/fat.o
flash_write_words                                 build/meowmeow/flash_samd21.o
                                                  build/meowmeow/sam_ba_monitor.o
g_interrupt_enabled                               build/meowmeow/init_samd21.o
getPacket                                         build/meowmeow/usart_sam_ba.o
handoverPrep                                      build/meowmeow/msc.o
                                                  build/meowmeow/hid.o
hidCfgDescriptor                                  build/meowmeow/cdc_enumerate.o
hidDescriptor                                     build/meowmeow/cdc_enumerate.o
hidHandoverLoop                                   build/meowmeow/hid.o
                                                  build/meowmeow/msc.o
i                                                 build/meowmeow/sam_ba_monitor.o
idx_rx_read                                       build/meowmeow/usart_sam_ba.o
idx_rx_write                                      build/meowmeow/usart_sam_ba.o
idx_tx_read                                       build/meowmeow/usart_sam_ba.o
idx_tx_write                                      build/meowmeow/usart_sam_ba.o
indexFile                                         build/meowmeow/fat.o
infoUf2File                                       build/meowmeow/fat.o
                                                  build/meowmeow/hid.o
                                                  build/meowmeow/msc.o
j                                                 build/meowmeow/sam_ba_monitor.o
led_init                                          build/meowmeow/utils.o
                                                  build/meowmeow/main.o
led_signal                                        build/meowmeow/utils.o
                                                  build/meowmeow/sam_ba_monitor.o
                                                  build/meowmeow/msc.o
led_tick                                          build/meowmeow/utils.o
                                                  build/meowmeow/init_samd21.o
led_tick_step                                     build/meowmeow/utils.o
                                                  build/meowmeow/main.o
length                                            build/meowmeow/sam_ba_monitor.o
main                                              build/meowmeow/main.o
                                                  build/meowmeow/startup_samd21.o
memcpy                                            /usr/local/Cellar/gcc-arm-none-eabi/20150925/bin/../lib/gcc/arm-none-eabi/4.9.3/../../../../arm-none-eabi/lib/armv6-m/libg_nano.a(lib_a-memcpy.o)
                                                  build/meowmeow/hid.o
                                                  build/meowmeow/sam_ba_monitor.o
                                                  build/meowmeow/msc.o
                                                  build/meowmeow/fat.o
                                                  build/meowmeow/cdc_enumerate.o
memset                                            /usr/local/Cellar/gcc-arm-none-eabi/20150925/bin/../lib/gcc/arm-none-eabi/4.9.3/../../../../arm-none-eabi/lib/armv6-m/libg_nano.a(lib_a-memset.o)
                                                  build/meowmeow/hid.o
                                                  build/meowmeow/msc.o
                                                  build/meowmeow/fat.o
                                                  build/meowmeow/cdc_enumerate.o
mode_of_transfer                                  build/meowmeow/usart_sam_ba.o
mscReset                                          build/meowmeow/msc.o
msc_reset                                         build/meowmeow/msc.o
padded_memcpy                                     build/meowmeow/fat.o
                                                  build/meowmeow/msc.o
panic                                             build/meowmeow/utils.o
process_core                                      build/meowmeow/hid.o
process_hid                                       build/meowmeow/hid.o
                                                  build/meowmeow/msc.o
process_msc                                       build/meowmeow/msc.o
                                                  build/meowmeow/sam_ba_monitor.o
ptr                                               build/meowmeow/sam_ba_monitor.o
ptr_data                                          build/meowmeow/sam_ba_monitor.o
put_uint32                                        build/meowmeow/sam_ba_monitor.o
read_block                                        build/meowmeow/fat.o
                                                  build/meowmeow/msc.o
recv_hf2                                          build/meowmeow/hid.o
resetHorizon                                      build/meowmeow/utils.o
                                                  build/meowmeow/main.o
                                                  build/meowmeow/fat.o
resetIntoApp                                      build/meowmeow/utils.o
                                                  build/meowmeow/hid.o
                                                  build/meowmeow/msc.o
resetIntoBootloader                               build/meowmeow/utils.o
                                                  build/meowmeow/hid.o
                                                  build/meowmeow/msc.o
reset_ep                                          build/meowmeow/cdc_enumerate.o
                                                  build/meowmeow/msc.o
sam_ba_monitor_init                               build/meowmeow/sam_ba_monitor.o
sam_ba_monitor_run                                build/meowmeow/sam_ba_monitor.o
                                                  build/meowmeow/main.o
sam_ba_putdata_term                               build/meowmeow/sam_ba_monitor.o
send_hf2                                          build/meowmeow/hid.o
send_hf2_response                                 build/meowmeow/hid.o
size_of_data                                      build/meowmeow/usart_sam_ba.o
sp                                                build/meowmeow/sam_ba_monitor.o
stall_ep                                          build/meowmeow/cdc_enumerate.o
                                                  build/meowmeow/msc.o
strlen                                            /usr/local/Cellar/gcc-arm-none-eabi/20150925/bin/../lib/gcc/arm-none-eabi/4.9.3/../../../../arm-none-eabi/lib/armv6-m/libg_nano.a(lib_a-strlen.o)
                                                  build/meowmeow/hid.o
                                                  build/meowmeow/fat.o
                                                  build/meowmeow/cdc_enumerate.o
system_init                                       build/meowmeow/init_samd21.o
                                                  build/meowmeow/main.o
timerHigh                                         build/meowmeow/utils.o
                                                  build/meowmeow/main.o
                                                  build/meowmeow/fat.o
timerTick                                         build/meowmeow/utils.o
                                                  build/meowmeow/cdc_enumerate.o
try_read_cbw                                      build/meowmeow/msc.o
u32tmp                                            build/meowmeow/sam_ba_monitor.o
uart_basic_init                                   build/meowmeow/uart_driver.o
                                                  build/meowmeow/usart_sam_ba.o
uart_disable                                      build/meowmeow/uart_driver.o
                                                  build/meowmeow/usart_sam_ba.o
uart_drv_error_flag                               build/meowmeow/uart_driver.o
uart_get_sercom_index                             build/meowmeow/uart_driver.o
                                                  build/meowmeow/usart_sam_ba.o
uart_read_buffer_polled                           build/meowmeow/uart_driver.o
uart_read_byte                                    build/meowmeow/uart_driver.o
                                                  build/meowmeow/usart_sam_ba.o
uart_write_buffer_polled                          build/meowmeow/uart_driver.o
uart_write_byte                                   build/meowmeow/uart_driver.o
                                                  build/meowmeow/usart_sam_ba.o
udd_ep_set_halt                                   build/meowmeow/msc.o
udi_msc_csw_send                                  build/meowmeow/msc.o
usart_close                                       build/meowmeow/usart_sam_ba.o
usart_getc                                        build/meowmeow/usart_sam_ba.o
usart_getdata                                     build/meowmeow/usart_sam_ba.o
usart_getdata_xmd                                 build/meowmeow/usart_sam_ba.o
usart_is_rx_ready                                 build/meowmeow/usart_sam_ba.o
usart_open                                        build/meowmeow/usart_sam_ba.o
usart_putc                                        build/meowmeow/usart_sam_ba.o
usart_putdata                                     build/meowmeow/usart_sam_ba.o
usart_putdata_xmd                                 build/meowmeow/usart_sam_ba.o
usart_readc                                       build/meowmeow/usart_sam_ba.o
usart_sharp_received                              build/meowmeow/usart_sam_ba.o
usb_endpoint_table                                build/meowmeow/cdc_enumerate.o
usb_init                                          build/meowmeow/cdc_enumerate.o
                                                  build/meowmeow/main.o
writeNum                                          build/meowmeow/utils.o
                                                  build/meowmeow/sam_ba_monitor.o
                                                  build/meowmeow/cdc_enumerate.o
write_block                                       build/meowmeow/fat.o
                                                  build/meowmeow/msc.o
